capacity crunch    cove        c=16          906 req/s  p50 17.5 p99 29.1 ms  cpu 17.73s  errors 0  load 9.5
capacity crunch    cove-native c=16         2729 req/s  p50 5.7 p99 9.2 ms  cpu 5.92s  errors 0  load 9.4
capacity crunch    go          c=16         2671 req/s  p50 5.3 p99 15.8 ms  cpu 5.65s  errors 0  load 9.4
capacity crunch    cove        c=64          880 req/s  p50 73.5 p99 124.3 ms  cpu 18.24s  errors 0  load 8.9
capacity crunch    cove-native c=64         2733 req/s  p50 22.8 p99 36.6 ms  cpu 5.92s  errors 0  load 9.0
capacity crunch    go          c=64         3638 req/s  p50 15.1 p99 48.4 ms  cpu 4.38s  errors 0  load 9.0
capacity cpu-io    cove        c=64          280 req/s  p50 214.3 p99 1193.0 ms  cpu 27.05s  errors 0  load 8.6
capacity cpu-io    cove-native c=64          755 req/s  p50 14.4 p99 307.8 ms  cpu 7.04s  errors 0  load 8.9
capacity cpu-io    go          c=64          806 req/s  p50 10.2 p99 301.8 ms  cpu 5.24s  errors 0  load 8.9
capacity cpu-io    cove        c=256         358 req/s  p50 570.6 p99 2588.4 ms  cpu 33.58s  errors 0  load 8.7
capacity cpu-io    cove-native c=256        1020 req/s  p50 261.3 p99 482.3 ms  cpu 10.99s  errors 0  load 8.5
capacity cpu-io    go          c=256        1329 req/s  p50 117.9 p99 466.2 ms  cpu 7.99s  errors 0  load 9.1
capacity crunch    cove        c=16          865 req/s  p50 18.3 p99 31.5 ms  cpu 18.54s  errors 0  load 8.6
capacity crunch    cove-native c=16         2706 req/s  p50 5.8 p99 9.1 ms  cpu 5.98s  errors 0  load 8.9
capacity crunch    go          c=16         3649 req/s  p50 4.1 p99 9.9 ms  cpu 4.36s  errors 0  load 8.9
capacity crunch    cove        c=64          865 req/s  p50 74.9 p99 119.4 ms  cpu 18.56s  errors 0  load 8.5
capacity crunch    cove-native c=64         2647 req/s  p50 23.6 p99 38.0 ms  cpu 6.11s  errors 0  load 8.3
capacity crunch    go          c=64         3550 req/s  p50 15.7 p99 49.7 ms  cpu 4.48s  errors 0  load 8.4
capacity cpu-io    cove        c=64          333 req/s  p50 189.5 p99 563.7 ms  cpu 23.18s  errors 0  load 8.4
capacity cpu-io    cove-native c=64          754 req/s  p50 16.7 p99 307.5 ms  cpu 7.43s  errors 0  load 8.1
capacity cpu-io    go          c=64          798 req/s  p50 10.6 p99 302.2 ms  cpu 5.38s  errors 0  load 7.6
capacity cpu-io    cove        c=256         342 req/s  p50 572.5 p99 2883.9 ms  cpu 35.15s  errors 0  load 7.6
capacity cpu-io    cove-native c=256        1014 req/s  p50 264.1 p99 512.3 ms  cpu 11.16s  errors 0  load 8.6
capacity cpu-io    go          c=256        1297 req/s  p50 119.6 p99 618.8 ms  cpu 8.11s  errors 0  load 8.5
capacity crunch    cove        c=16          867 req/s  p50 18.4 p99 30.6 ms  cpu 18.51s  errors 0  load 8.6
capacity crunch    cove-native c=16         2707 req/s  p50 5.8 p99 9.2 ms  cpu 5.97s  errors 0  load 8.4
capacity crunch    go          c=16         3671 req/s  p50 4.1 p99 10.1 ms  cpu 4.34s  errors 0  load 8.4
capacity crunch    cove        c=64          887 req/s  p50 73.3 p99 120.2 ms  cpu 18.41s  errors 0  load 8.4
capacity crunch    cove-native c=64         2621 req/s  p50 23.8 p99 38.1 ms  cpu 6.43s  errors 0  load 8.7
capacity crunch    go          c=64         3691 req/s  p50 15.1 p99 45.1 ms  cpu 4.32s  errors 0  load 8.7
capacity cpu-io    cove        c=64          311 req/s  p50 200.1 p99 602.7 ms  cpu 0.00s  errors 0  load 8.2
capacity cpu-io    cove-native c=64          701 req/s  p50 27.7 p99 311.2 ms  cpu 12.26s  errors 0  load 8.0
capacity cpu-io    go          c=64          767 req/s  p50 13.9 p99 312.8 ms  cpu 5.68s  errors 0  load 8.4
capacity cpu-io    cove        c=256         328 req/s  p50 600.9 p99 2924.8 ms  cpu 0.00s  errors 0  load 8.3
capacity cpu-io    cove-native c=256         983 req/s  p50 254.9 p99 539.6 ms  cpu 12.72s  errors 0  load 7.8
capacity cpu-io    go          c=256        1045 req/s  p50 167.6 p99 766.6 ms  cpu 8.96s  errors 0  load 8.3
DONE
