sweep crunch    cove        rate    100 ->      100 req/s  p50     5.31 p99      7.27 ms  lag p99 1.48 late 173  err 0  cpu/req 4440 us  load 6.7
sweep crunch    cove        rate    250 ->      250 req/s  p50     5.11 p99      6.90 ms  lag p99 1.35 late 82  err 0  cpu/req 4260 us  load 6.2
sweep crunch    cove        rate    500 ->      500 req/s  p50     5.08 p99      6.63 ms  lag p99 1.40 late 120  err 0  cpu/req 4250 us  load 6.1
sweep crunch    cove        rate    750 ->      749 req/s  p50     5.05 p99      6.77 ms  lag p99 1.31 late 153  err 0  cpu/req 4253 us  load 5.9
sweep crunch    cove        rate    900 ->      899 req/s  p50     6.49 p99     50.24 ms  lag p99 1.35 late 273  err 0  cpu/req 4417 us  load 6.1
sweep crunch    cove        rate   1000 ->      918 req/s  p50   191.96 p99    387.34 ms  lag p99 304.11 late 3392  err 0  cpu/req 4375 us  load 6.0
sweep crunch    cove-native rate    100 ->      100 req/s  p50     2.58 p99      4.36 ms  lag p99 1.41 late 118  err 0  cpu/req 1700 us  load 5.6
sweep crunch    cove-native rate    250 ->      250 req/s  p50     2.43 p99      4.30 ms  lag p99 1.43 late 126  err 0  cpu/req 1590 us  load 5.2
sweep crunch    cove-native rate    500 ->      500 req/s  p50     2.34 p99      4.12 ms  lag p99 1.47 late 200  err 0  cpu/req 1525 us  load 5.0
sweep crunch    cove-native rate    750 ->      750 req/s  p50     2.16 p99      3.88 ms  lag p99 1.35 late 184  err 0  cpu/req 1490 us  load 5.2
sweep crunch    cove-native rate    900 ->      900 req/s  p50     2.22 p99      3.91 ms  lag p99 1.34 late 292  err 0  cpu/req 1486 us  load 5.2
sweep crunch    cove-native rate   1000 ->     1000 req/s  p50     2.25 p99      3.87 ms  lag p99 1.34 late 310  err 0  cpu/req 1480 us  load 5.1
sweep crunch    cove-native rate   1500 ->     1499 req/s  p50     2.20 p99      3.85 ms  lag p99 1.31 late 289  err 0  cpu/req 1477 us  load 5.0
sweep crunch    cove-native rate   2500 ->     2498 req/s  p50     2.48 p99      4.51 ms  lag p99 1.33 late 543  err 0  cpu/req 1530 us  load 4.9
sweep crunch    cove-native rate   3000 ->     2733 req/s  p50   195.63 p99    393.64 ms  lag p99 331.78 late 10360  err 0  cpu/req 1485 us  load 4.9
sweep crunch    go          rate    100 ->      100 req/s  p50     2.02 p99      4.02 ms  lag p99 1.49 late 140  err 0  cpu/req 1260 us  load 4.8
sweep crunch    go          rate    250 ->      250 req/s  p50     1.93 p99      3.75 ms  lag p99 1.47 late 112  err 0  cpu/req 1210 us  load 4.3
sweep crunch    go          rate    500 ->      500 req/s  p50     1.92 p99      3.52 ms  lag p99 1.46 late 248  err 0  cpu/req 1170 us  load 4.3
sweep crunch    go          rate    750 ->      750 req/s  p50     1.85 p99      3.55 ms  lag p99 1.50 late 307  err 0  cpu/req 1140 us  load 4.3
sweep crunch    go          rate    900 ->      900 req/s  p50     1.68 p99      3.32 ms  lag p99 1.47 late 169  err 0  cpu/req 1125 us  load 4.2
sweep crunch    go          rate   1000 ->     1000 req/s  p50     1.64 p99      3.18 ms  lag p99 1.18 late 103  err 0  cpu/req 1110 us  load 4.0
sweep crunch    go          rate   1500 ->     1500 req/s  p50     1.75 p99      3.20 ms  lag p99 1.18 late 155  err 0  cpu/req 1105 us  load 3.8
sweep crunch    go          rate   2500 ->     2498 req/s  p50     1.80 p99      3.58 ms  lag p99 1.15 late 231  err 0  cpu/req 1134 us  load 4.6
sweep crunch    go          rate   3000 ->     2999 req/s  p50     2.22 p99     46.25 ms  lag p99 1.30 late 340  err 0  cpu/req 1188 us  load 4.7
sweep crunch    go          rate   3500 ->     3353 req/s  p50    68.53 p99    188.31 ms  lag p99 121.44 late 8384  err 0  cpu/req 1176 us  load 5.3
sweep crunch    go          rate   4000 ->     3614 req/s  p50   205.39 p99    432.75 ms  lag p99 368.87 late 14329  err 0  cpu/req 1102 us  load 5.1
sweep crunch    cove        rate    100 ->      100 req/s  p50     5.22 p99      7.15 ms  lag p99 1.39 late 124  err 0  cpu/req 4450 us  load 4.7
sweep crunch    cove        rate    250 ->      250 req/s  p50     5.18 p99      6.85 ms  lag p99 1.40 late 75  err 0  cpu/req 4280 us  load 5.2
sweep crunch    cove        rate    500 ->      500 req/s  p50     5.16 p99      6.70 ms  lag p99 1.33 late 117  err 0  cpu/req 4305 us  load 5.0
sweep crunch    cove        rate    750 ->      749 req/s  p50     5.28 p99      6.85 ms  lag p99 1.27 late 180  err 0  cpu/req 4433 us  load 4.9
sweep crunch    cove        rate    900 ->      885 req/s  p50    29.10 p99    113.44 ms  lag p99 16.18 late 952  err 0  cpu/req 4542 us  load 5.6
sweep crunch    cove        rate   1000 ->      894 req/s  p50   240.26 p99    494.58 ms  lag p99 416.89 late 3474  err 0  cpu/req 4487 us  load 6.1
sweep crunch    cove-native rate    100 ->      100 req/s  p50     2.59 p99      4.46 ms  lag p99 1.45 late 152  err 0  cpu/req 1710 us  load 5.7
sweep crunch    cove-native rate    250 ->      250 req/s  p50     2.49 p99      4.31 ms  lag p99 1.44 late 148  err 0  cpu/req 1590 us  load 5.2
sweep crunch    cove-native rate    500 ->      500 req/s  p50     2.33 p99      4.21 ms  lag p99 1.45 late 238  err 0  cpu/req 1555 us  load 5.0
sweep crunch    cove-native rate    750 ->      750 req/s  p50     2.12 p99      3.93 ms  lag p99 1.37 late 178  err 0  cpu/req 1490 us  load 4.9
sweep crunch    cove-native rate    900 ->      900 req/s  p50     2.23 p99      3.89 ms  lag p99 1.33 late 316  err 0  cpu/req 1489 us  load 5.0
sweep crunch    cove-native rate   1000 ->      999 req/s  p50     2.25 p99      3.99 ms  lag p99 1.36 late 355  err 0  cpu/req 1480 us  load 4.9
sweep crunch    cove-native rate   1500 ->     1499 req/s  p50     2.19 p99      3.90 ms  lag p99 1.29 late 391  err 0  cpu/req 1483 us  load 5.2
sweep crunch    cove-native rate   2500 ->     2499 req/s  p50     2.56 p99      6.19 ms  lag p99 1.32 late 620  err 0  cpu/req 1545 us  load 5.1
sweep crunch    cove-native rate   3000 ->     2740 req/s  p50   187.62 p99    380.57 ms  lag p99 320.19 late 10371  err 0  cpu/req 1482 us  load 4.9
sweep crunch    go          rate    100 ->      100 req/s  p50     2.13 p99      4.03 ms  lag p99 1.46 late 146  err 0  cpu/req 1270 us  load 4.5
sweep crunch    go          rate    250 ->      250 req/s  p50     1.94 p99      3.71 ms  lag p99 1.44 late 114  err 0  cpu/req 1210 us  load 4.1
sweep crunch    go          rate    500 ->      500 req/s  p50     1.92 p99      3.59 ms  lag p99 1.45 late 251  err 0  cpu/req 1175 us  load 4.1
sweep crunch    go          rate    750 ->      750 req/s  p50     1.84 p99      3.62 ms  lag p99 1.50 late 334  err 0  cpu/req 1150 us  load 4.2
sweep crunch    go          rate    900 ->      900 req/s  p50     1.58 p99      3.44 ms  lag p99 1.45 late 188  err 0  cpu/req 1147 us  load 4.3
sweep crunch    go          rate   1000 ->     1000 req/s  p50     1.65 p99      3.19 ms  lag p99 1.19 late 115  err 0  cpu/req 1113 us  load 4.3
sweep crunch    go          rate   1500 ->     1499 req/s  p50     1.76 p99      3.19 ms  lag p99 1.27 late 177  err 0  cpu/req 1087 us  load 4.3
sweep crunch    go          rate   2500 ->     2499 req/s  p50     1.76 p99      3.27 ms  lag p99 1.13 late 249  err 0  cpu/req 1097 us  load 4.1
sweep crunch    go          rate   3000 ->     2998 req/s  p50     1.82 p99      3.42 ms  lag p99 1.08 late 227  err 0  cpu/req 1092 us  load 4.1
sweep crunch    go          rate   3500 ->     3498 req/s  p50     2.22 p99     12.29 ms  lag p99 1.20 late 395  err 0  cpu/req 1097 us  load 4.0
sweep crunch    go          rate   4000 ->     3653 req/s  p50   186.74 p99    386.24 ms  lag p99 322.28 late 13778  err 0  cpu/req 1091 us  load 4.1
sweep crunch    cove        rate    100 ->      100 req/s  p50     5.33 p99      7.33 ms  lag p99 1.47 late 163  err 0  cpu/req 4450 us  load 4.3
sweep crunch    cove        rate    250 ->      250 req/s  p50     5.14 p99      6.79 ms  lag p99 1.45 late 79  err 0  cpu/req 4280 us  load 4.7
sweep crunch    cove        rate    500 ->      499 req/s  p50     5.19 p99      6.94 ms  lag p99 1.42 late 118  err 0  cpu/req 4335 us  load 4.6
sweep crunch    cove        rate    750 ->      748 req/s  p50     5.37 p99      7.93 ms  lag p99 1.37 late 229  err 0  cpu/req 4457 us  load 5.0
sweep crunch    cove        rate    900 ->      877 req/s  p50    57.35 p99    144.07 ms  lag p99 53.88 late 1544  err 0  cpu/req 4589 us  load 5.3
sweep crunch    cove        rate   1000 ->      889 req/s  p50   254.36 p99    524.98 ms  lag p99 446.84 late 3495  err 0  cpu/req 4523 us  load 5.3
sweep crunch    cove-native rate    100 ->      100 req/s  p50     2.51 p99      4.45 ms  lag p99 1.47 late 131  err 0  cpu/req 1690 us  load 5.3
sweep crunch    cove-native rate    250 ->      250 req/s  p50     2.41 p99      4.38 ms  lag p99 1.44 late 127  err 0  cpu/req 1600 us  load 5.1
sweep crunch    cove-native rate    500 ->      500 req/s  p50     2.30 p99      4.11 ms  lag p99 1.46 late 252  err 0  cpu/req 1530 us  load 5.4
sweep crunch    cove-native rate    750 ->      750 req/s  p50     2.15 p99      3.95 ms  lag p99 1.36 late 184  err 0  cpu/req 1490 us  load 5.3
sweep crunch    cove-native rate    900 ->      899 req/s  p50     2.26 p99      3.95 ms  lag p99 1.35 late 337  err 0  cpu/req 1489 us  load 5.4
sweep crunch    cove-native rate   1000 ->     1000 req/s  p50     2.23 p99      3.97 ms  lag p99 1.37 late 358  err 0  cpu/req 1482 us  load 5.3
sweep crunch    cove-native rate   1500 ->     1499 req/s  p50     2.19 p99      3.85 ms  lag p99 1.27 late 308  err 0  cpu/req 1492 us  load 5.1
sweep crunch    cove-native rate   2500 ->     2499 req/s  p50     2.54 p99      4.38 ms  lag p99 1.35 late 667  err 0  cpu/req 1541 us  load 5.1
sweep crunch    cove-native rate   3000 ->     2718 req/s  p50   204.81 p99    416.71 ms  lag p99 355.22 late 10559  err 0  cpu/req 1493 us  load 5.9
sweep crunch    go          rate    100 ->      100 req/s  p50     2.20 p99      4.07 ms  lag p99 1.46 late 151  err 0  cpu/req 1290 us  load 5.4
sweep crunch    go          rate    250 ->      250 req/s  p50     1.99 p99      3.97 ms  lag p99 1.44 late 130  err 0  cpu/req 1200 us  load 4.9
sweep crunch    go          rate    500 ->      500 req/s  p50     1.95 p99      3.72 ms  lag p99 1.48 late 241  err 0  cpu/req 1180 us  load 4.7
sweep crunch    go          rate    750 ->      750 req/s  p50     1.86 p99      3.58 ms  lag p99 1.56 late 349  err 0  cpu/req 1147 us  load 4.6
sweep crunch    go          rate    900 ->      900 req/s  p50     1.64 p99      3.29 ms  lag p99 1.46 late 147  err 0  cpu/req 1128 us  load 4.5
sweep crunch    go          rate   1000 ->     1000 req/s  p50     1.60 p99      3.15 ms  lag p99 1.20 late 94  err 0  cpu/req 1112 us  load 4.2
sweep crunch    go          rate   1500 ->     1499 req/s  p50     1.77 p99      3.23 ms  lag p99 1.23 late 170  err 0  cpu/req 1097 us  load 4.2
sweep crunch    go          rate   2500 ->     2499 req/s  p50     1.77 p99      3.31 ms  lag p99 1.12 late 211  err 0  cpu/req 1117 us  load 4.2
sweep crunch    go          rate   3000 ->     2998 req/s  p50     1.82 p99      3.51 ms  lag p99 1.14 late 275  err 0  cpu/req 1096 us  load 4.5
sweep crunch    go          rate   3500 ->     3497 req/s  p50     2.26 p99      5.36 ms  lag p99 1.18 late 374  err 0  cpu/req 1102 us  load 4.7
sweep crunch    go          rate   4000 ->     3652 req/s  p50   179.05 p99    386.36 ms  lag p99 321.04 late 13603  err 0  cpu/req 1091 us  load 4.9
