sweep crunch    cove        rate    100 ->      100 req/s  p50     5.36 p99      7.71 ms  lag p99 1.46 late 146  err 0  cpu/req 4470 us  load 7.1
sweep crunch    cove        rate    250 ->      250 req/s  p50     5.05 p99      6.91 ms  lag p99 1.44 late 95  err 0  cpu/req 4290 us  load 6.4
sweep crunch    cove        rate    500 ->      500 req/s  p50     5.05 p99      6.59 ms  lag p99 1.32 late 122  err 0  cpu/req 4245 us  load 5.9
sweep crunch    cove        rate    750 ->      749 req/s  p50     5.17 p99      7.03 ms  lag p99 1.30 late 128  err 0  cpu/req 4317 us  load 5.8
sweep crunch    cove        rate    900 ->      895 req/s  p50    29.39 p99     65.53 ms  lag p99 1.40 late 235  err 0  cpu/req 4478 us  load 5.7
sweep crunch    cove        rate   1000 ->      767 req/s  p50   357.63 p99   1232.23 ms  lag p99 1155.40 late 3435  err 0  cpu/req 5168 us  load 5.7
sweep crunch    cove-native rate    100 ->      100 req/s  p50     2.48 p99      4.26 ms  lag p99 1.43 late 120  err 0  cpu/req 1800 us  load 5.5
sweep crunch    cove-native rate    250 ->      250 req/s  p50     2.39 p99      4.13 ms  lag p99 1.44 late 86  err 0  cpu/req 1700 us  load 5.2
sweep crunch    cove-native rate    500 ->      500 req/s  p50     2.35 p99      4.10 ms  lag p99 1.41 late 162  err 0  cpu/req 1690 us  load 6.4
sweep crunch    cove-native rate    750 ->      750 req/s  p50     2.29 p99      3.98 ms  lag p99 1.34 late 175  err 0  cpu/req 1670 us  load 6.5
sweep crunch    cove-native rate    900 ->      900 req/s  p50     2.30 p99      4.00 ms  lag p99 1.31 late 212  err 0  cpu/req 1681 us  load 6.1
sweep crunch    cove-native rate   1000 ->     1000 req/s  p50     2.27 p99      4.07 ms  lag p99 1.38 late 367  err 0  cpu/req 1560 us  load 6.4
sweep crunch    cove-native rate   1500 ->     1499 req/s  p50     2.24 p99      4.00 ms  lag p99 1.36 late 329  err 0  cpu/req 1562 us  load 7.0
sweep crunch    cove-native rate   2500 ->     2477 req/s  p50     5.54 p99     49.14 ms  lag p99 1.35 late 470  err 0  cpu/req 1673 us  load 6.5
sweep crunch    cove-native rate   3000 ->     2406 req/s  p50   483.43 p99    981.94 ms  lag p99 918.43 late 11171  err 0  cpu/req 1652 us  load 6.9
sweep crunch    go          rate    100 ->      100 req/s  p50     2.03 p99      4.68 ms  lag p99 1.43 late 109  err 0  cpu/req 1290 us  load 7.2
sweep crunch    go          rate    250 ->      250 req/s  p50     1.93 p99      3.83 ms  lag p99 1.47 late 101  err 0  cpu/req 1230 us  load 6.4
sweep crunch    go          rate    500 ->      500 req/s  p50     1.88 p99      3.58 ms  lag p99 1.41 late 151  err 0  cpu/req 1235 us  load 6.4
sweep crunch    go          rate    750 ->      750 req/s  p50     1.89 p99      5.24 ms  lag p99 1.48 late 232  err 0  cpu/req 1230 us  load 7.1
sweep crunch    go          rate    900 ->      900 req/s  p50     1.78 p99     12.71 ms  lag p99 1.47 late 163  err 0  cpu/req 1158 us  load 6.7
sweep crunch    go          rate   1000 ->     1000 req/s  p50     1.64 p99      3.31 ms  lag p99 1.36 late 130  err 0  cpu/req 1128 us  load 6.8
sweep crunch    go          rate   1500 ->     1500 req/s  p50     1.75 p99      3.20 ms  lag p99 1.27 late 188  err 0  cpu/req 1098 us  load 6.6
sweep crunch    go          rate   2500 ->     2499 req/s  p50     1.81 p99      3.43 ms  lag p99 1.30 late 371  err 0  cpu/req 1098 us  load 6.4
sweep crunch    go          rate   3000 ->     2998 req/s  p50     1.88 p99      3.58 ms  lag p99 1.24 late 416  err 0  cpu/req 1098 us  load 6.3
sweep crunch    go          rate   3500 ->     3496 req/s  p50     2.56 p99      6.49 ms  lag p99 1.31 late 639  err 0  cpu/req 1110 us  load 6.1
sweep crunch    go          rate   4000 ->     3573 req/s  p50   239.89 p99    477.79 ms  lag p99 414.94 late 14664  err 0  cpu/req 1113 us  load 6.8
sweep crunch    cove        rate    100 ->      100 req/s  p50     5.26 p99      7.21 ms  lag p99 1.48 late 152  err 0  cpu/req 4460 us  load 6.7
sweep crunch    cove        rate    250 ->      250 req/s  p50     5.16 p99      6.86 ms  lag p99 1.43 late 83  err 0  cpu/req 4330 us  load 6.5
sweep crunch    cove        rate    500 ->      500 req/s  p50     5.15 p99      6.64 ms  lag p99 1.38 late 150  err 0  cpu/req 4295 us  load 6.1
sweep crunch    cove        rate    750 ->      749 req/s  p50     5.27 p99      7.03 ms  lag p99 1.34 late 192  err 0  cpu/req 4393 us  load 6.2
sweep crunch    cove        rate    900 ->      898 req/s  p50     6.88 p99     17.65 ms  lag p99 1.44 late 288  err 0  cpu/req 4500 us  load 6.3
sweep crunch    cove        rate   1000 ->      905 req/s  p50   220.42 p99    440.53 ms  lag p99 363.74 late 3523  err 0  cpu/req 4435 us  load 6.4
sweep crunch    cove-native rate    100 ->      100 req/s  p50     2.45 p99      4.28 ms  lag p99 1.44 late 97  err 0  cpu/req 1760 us  load 6.1
sweep crunch    cove-native rate    250 ->      250 req/s  p50     2.37 p99      4.15 ms  lag p99 1.40 late 86  err 0  cpu/req 1700 us  load 5.3
sweep crunch    cove-native rate    500 ->      500 req/s  p50     2.37 p99      4.23 ms  lag p99 1.47 late 227  err 0  cpu/req 1565 us  load 5.3
sweep crunch    cove-native rate    750 ->      750 req/s  p50     2.19 p99      4.03 ms  lag p99 1.27 late 144  err 0  cpu/req 1563 us  load 4.9
sweep crunch    cove-native rate    900 ->      900 req/s  p50     2.19 p99      3.94 ms  lag p99 1.23 late 190  err 0  cpu/req 1644 us  load 4.9
sweep crunch    cove-native rate   1000 ->     1000 req/s  p50     2.27 p99      3.96 ms  lag p99 1.36 late 288  err 0  cpu/req 1538 us  load 5.4
sweep crunch    cove-native rate   1500 ->     1499 req/s  p50     2.24 p99      3.94 ms  lag p99 1.33 late 346  err 0  cpu/req 1533 us  load 6.0
sweep crunch    cove-native rate   2500 ->     2499 req/s  p50     2.56 p99      4.56 ms  lag p99 1.35 late 616  err 0  cpu/req 1539 us  load 6.4
sweep crunch    cove-native rate   3000 ->     2763 req/s  p50   167.62 p99    346.20 ms  lag p99 285.96 late 10291  err 0  cpu/req 1470 us  load 6.4
sweep crunch    go          rate    100 ->      100 req/s  p50     2.10 p99      4.05 ms  lag p99 1.45 late 126  err 0  cpu/req 1280 us  load 6.1
sweep crunch    go          rate    250 ->      250 req/s  p50     1.98 p99      3.84 ms  lag p99 1.47 late 131  err 0  cpu/req 1210 us  load 5.8
sweep crunch    go          rate    500 ->      500 req/s  p50     1.92 p99      3.71 ms  lag p99 1.48 late 294  err 0  cpu/req 1165 us  load 5.4
sweep crunch    go          rate    750 ->      750 req/s  p50     2.14 p99      6.74 ms  lag p99 1.53 late 223  err 0  cpu/req 1397 us  load 5.4
sweep crunch    go          rate    900 ->      900 req/s  p50     1.77 p99      3.92 ms  lag p99 1.49 late 232  err 0  cpu/req 1167 us  load 6.6
sweep crunch    go          rate   1000 ->     1000 req/s  p50     1.56 p99      3.14 ms  lag p99 1.17 late 104  err 0  cpu/req 1107 us  load 6.4
sweep crunch    go          rate   1500 ->     1499 req/s  p50     1.75 p99      3.20 ms  lag p99 1.26 late 185  err 0  cpu/req 1087 us  load 6.2
sweep crunch    go          rate   2500 ->     2499 req/s  p50     1.78 p99      3.35 ms  lag p99 1.19 late 250  err 0  cpu/req 1116 us  load 6.0
sweep crunch    go          rate   3000 ->     2999 req/s  p50     1.96 p99      5.28 ms  lag p99 1.25 late 386  err 0  cpu/req 1136 us  load 6.1
sweep crunch    go          rate   3500 ->     3497 req/s  p50     2.33 p99      9.07 ms  lag p99 1.23 late 415  err 0  cpu/req 1104 us  load 6.7
sweep crunch    go          rate   4000 ->     3619 req/s  p50   234.48 p99    427.41 ms  lag p99 361.63 late 14730  err 0  cpu/req 1099 us  load 6.8
DONE
